
> p-crm@0.1.0 build
> next build

node.exe : ΓÜá `eslint` 
configuration in 
next.config.mjs is no 
longer supported. See more 
info here: https://nextjs.o
rg/docs/app/api-reference/c
li/next#next-lint-options
At line:1 char:1
+ & "C:\Program 
Files\nodejs/node.exe" 
"C:\Program 
Files\nodejs/node_mo ...
+ ~~~~~~~~~~~~~~~~~~~~~~~~~
~~~~~~~~~~~~~~~~~~~~~~~~~~~
~~~~~~~~~~~~~~~~~
    + CategoryInfo         
     : NotSpecified: (ΓÜá  
   `eslint` co...xt-lint   
 -options:String) [], R    
emoteException
    + FullyQualifiedErrorI 
   d : NativeCommandError
 
ΓÜá `images.domains` is 
deprecated in favor of 
`images.remotePatterns`. 
Please update 
next.config.mjs to protect 
your application from 
malicious users.
ΓÜá Invalid 
next.config.mjs options 
detected: 
ΓÜá     Unrecognized 
key(s) in object: 'eslint'
ΓÜá See more info here: htt
ps://nextjs.org/docs/messag
es/invalid-next-config
Γû▓ Next.js 16.2.2 (Turbopack)
- Environments: .env.local

ΓÜá The "middleware" file 
convention is deprecated. 
Please use "proxy" 
instead. Learn more: https:
//nextjs.org/docs/messages/
middleware-to-proxy
  Creating an optimized production build ...
Γ£ô Compiled successfully in 5.6s
  Running TypeScript ...
  Finished TypeScript in 3.7s ...
  Collecting page data using 15 workers ...
  Generating static pages using 15 workers (0/21) ...
  Generating static pages using 15 workers (5/21) 
  Generating static pages using 15 workers (10/21) 
Γ¿» useSearchParams() 
should be wrapped in a 
suspense boundary at page 
"/cases". Read more: https:
//nextjs.org/docs/messages/
missing-suspense-with-csr-b
ailout
    at S (C:\Users\Admin\PU
NE-FIX-CRM-\.next\server\ch
unks\ssr\node_modules_04mc5
1w._.js:2:2692)
    at r (C:\Users\Admin\PU
NE-FIX-CRM-\.next\server\ch
unks\ssr\node_modules_04mc5
1w._.js:4:6760)
    at C:\Users\Admin\PUNE-
FIX-CRM-\.next\server\chunk
s\ssr\[root-of-the-server]_
_0xf-~v7._.js:1:4025
    at an (C:\Users\Admin\P
UNE-FIX-CRM-\node_modules\n
ext\dist\compiled\next-serv
er\app-page-turbo.runtime.p
rod.js:2:84267)
    at ai (C:\Users\Admin\P
UNE-FIX-CRM-\node_modules\n
ext\dist\compiled\next-serv
er\app-page-turbo.runtime.p
rod.js:2:86086)
    at al (C:\Users\Admin\P
UNE-FIX-CRM-\node_modules\n
ext\dist\compiled\next-serv
er\app-page-turbo.runtime.p
rod.js:2:107860)
    at ao (C:\Users\Admin\P
UNE-FIX-CRM-\node_modules\n
ext\dist\compiled\next-serv
er\app-page-turbo.runtime.p
rod.js:2:105275)
    at aa (C:\Users\Admin\P
UNE-FIX-CRM-\node_modules\n
ext\dist\compiled\next-serv
er\app-page-turbo.runtime.p
rod.js:2:84619)
    at ai (C:\Users\Admin\P
UNE-FIX-CRM-\node_modules\n
ext\dist\compiled\next-serv
er\app-page-turbo.runtime.p
rod.js:2:86135)
    at ai (C:\Users\Admin\P
UNE-FIX-CRM-\node_modules\n
ext\dist\compiled\next-serv
er\app-page-turbo.runtime.p
rod.js:2:104615)
Error occurred 
prerendering page 
"/cases". Read more: https:
//nextjs.org/docs/messages/
prerender-error
Export encountered an 
error on /cases/page: 
/cases, exiting the build.
Γ¿» Next.js build worker 
exited with code: 1 and 
signal: null
